------------------------------------------------------------
Timing Analyzer Summary
------------------------------------------------------------

Type  : Slow 1200mV 85C Model Setup 'clock'
Slack : -2.648
TNS   : -59.054

Type  : Slow 1200mV 85C Model Hold 'clock'
Slack : 0.342
TNS   : 0.000

Type  : Slow 1200mV 85C Model Recovery 'clock'
Slack : -0.793
TNS   : -17.616

Type  : Slow 1200mV 85C Model Removal 'clock'
Slack : 0.567
TNS   : 0.000

Type  : Slow 1200mV 85C Model Minimum Pulse Width 'clock'
Slack : -3.000
TNS   : -59.000

Type  : Slow 1200mV 0C Model Setup 'clock'
Slack : -2.218
TNS   : -46.298

Type  : Slow 1200mV 0C Model Hold 'clock'
Slack : 0.297
TNS   : 0.000

Type  : Slow 1200mV 0C Model Recovery 'clock'
Slack : -0.598
TNS   : -12.324

Type  : Slow 1200mV 0C Model Removal 'clock'
Slack : 0.507
TNS   : 0.000

Type  : Slow 1200mV 0C Model Minimum Pulse Width 'clock'
Slack : -3.000
TNS   : -59.000

Type  : Fast 1200mV 0C Model Setup 'clock'
Slack : -1.079
TNS   : -13.854

Type  : Fast 1200mV 0C Model Hold 'clock'
Slack : 0.178
TNS   : 0.000

Type  : Fast 1200mV 0C Model Recovery 'clock'
Slack : -0.048
TNS   : -0.336

Type  : Fast 1200mV 0C Model Removal 'clock'
Slack : 0.309
TNS   : 0.000

Type  : Fast 1200mV 0C Model Minimum Pulse Width 'clock'
Slack : -3.000
TNS   : -63.404

------------------------------------------------------------
